Component: ARM Compiler 6.14 Tool: armlink [5db06800]

==============================================================================

Section Cross References

    system_nuc100series.o(.text.SystemCoreClockUpdate) refers to aeabi_sdiv.o(.text) for __aeabi_uidiv
    system_nuc100series.o(.text.SystemCoreClockUpdate) refers to system_nuc100series.o(.data..L_MergedGlobals) for [Anonymous Symbol]
    system_nuc100series.o(.ARM.exidx.text.SystemCoreClockUpdate) refers to system_nuc100series.o(.text.SystemCoreClockUpdate) for [Anonymous Symbol]
    system_nuc100series.o(.ARM.exidx.text.SystemInit) refers to system_nuc100series.o(.text.SystemInit) for [Anonymous Symbol]
    startup_nuc100series.o(STACK) refers (Special) to heapauxi.o(.text) for __use_two_region_memory
    startup_nuc100series.o(HEAP) refers (Special) to heapauxi.o(.text) for __use_two_region_memory
    startup_nuc100series.o(RESET) refers (Special) to heapauxi.o(.text) for __use_two_region_memory
    startup_nuc100series.o(RESET) refers to startup_nuc100series.o(STACK) for __initial_sp
    startup_nuc100series.o(RESET) refers to startup_nuc100series.o(.text) for Reset_Handler
    startup_nuc100series.o(RESET) refers to main.o(.text.EINT1_IRQHandler) for EINT1_IRQHandler
    startup_nuc100series.o(RESET) refers to main.o(.text.TMR0_IRQHandler) for TMR0_IRQHandler
    startup_nuc100series.o(.text) refers (Special) to heapauxi.o(.text) for __use_two_region_memory
    startup_nuc100series.o(.text) refers to system_nuc100series.o(.text.SystemInit) for SystemInit
    startup_nuc100series.o(.text) refers to __main.o(!!!main) for __main
    startup_nuc100series.o(.text) refers to startup_nuc100series.o(HEAP) for Heap_Mem
    startup_nuc100series.o(.text) refers to startup_nuc100series.o(STACK) for Stack_Mem
    gpio.o(.ARM.exidx.text.GPIO_SetMode) refers to gpio.o(.text.GPIO_SetMode) for [Anonymous Symbol]
    gpio.o(.ARM.exidx.text.GPIO_EnableInt) refers to gpio.o(.text.GPIO_EnableInt) for [Anonymous Symbol]
    gpio.o(.ARM.exidx.text.GPIO_DisableInt) refers to gpio.o(.text.GPIO_DisableInt) for [Anonymous Symbol]
    setup.o(.text.GPIO_Config) refers to gpio.o(.text.GPIO_SetMode) for GPIO_SetMode
    setup.o(.ARM.exidx.text.GPIO_Config) refers to setup.o(.text.GPIO_Config) for [Anonymous Symbol]
    setup.o(.ARM.exidx.text.SystemConfig) refers to setup.o(.text.SystemConfig) for [Anonymous Symbol]
    setup.o(.ARM.exidx.text.Timer0Config) refers to setup.o(.text.Timer0Config) for [Anonymous Symbol]
    main.o(.text.main) refers to setup.o(.text.SystemConfig) for SystemConfig
    main.o(.text.main) refers to setup.o(.text.Timer0Config) for Timer0Config
    main.o(.text.main) refers to setup.o(.text.GPIO_Config) for GPIO_Config
    main.o(.text.main) refers to functions.o(.text.KeyPadScanning) for KeyPadScanning
    main.o(.text.main) refers to main.o(.text.Idle) for Idle
    main.o(.text.main) refers to main.o(.text.handleAlarmSetMode) for handleAlarmSetMode
    main.o(.text.main) refers to main.o(.text.handleCountMode) for handleCountMode
    main.o(.text.main) refers to main.o(.text.handleCheckMode) for handleCheckMode
    main.o(.text.main) refers to main.o(.text.CLK_SysTickDelay) for CLK_SysTickDelay
    main.o(.text.main) refers to main.o(.bss..L_MergedGlobals) for [Anonymous Symbol]
    main.o(.ARM.exidx.text.main) refers to main.o(.text.main) for [Anonymous Symbol]
    main.o(.text.CLK_SysTickDelay) refers to system_nuc100series.o(.data..L_MergedGlobals) for CyclesPerUs
    main.o(.ARM.exidx.text.CLK_SysTickDelay) refers to main.o(.text.CLK_SysTickDelay) for [Anonymous Symbol]
    main.o(.text.Idle) refers to functions.o(.text.CloseSegments) for CloseSegments
    main.o(.text.Idle) refers to functions.o(.text.OpenLEDs) for OpenLEDs
    main.o(.ARM.exidx.text.Idle) refers to main.o(.text.Idle) for [Anonymous Symbol]
    main.o(.text.handleAlarmSetMode) refers to functions.o(.text.OpenLEDs) for OpenLEDs
    main.o(.text.handleAlarmSetMode) refers to aeabi_sdiv.o(.text) for __aeabi_idivmod
    main.o(.text.handleAlarmSetMode) refers to main.o(.text.CLK_SysTickDelay) for CLK_SysTickDelay
    main.o(.text.handleAlarmSetMode) refers to functions.o(.text.DisplayDigit) for DisplayDigit
    main.o(.text.handleAlarmSetMode) refers to main.o(.bss..L_MergedGlobals) for [Anonymous Symbol]
    main.o(.ARM.exidx.text.handleAlarmSetMode) refers to main.o(.text.handleAlarmSetMode) for [Anonymous Symbol]
    main.o(.text.handleCountMode) refers to functions.o(.text.OpenLEDs) for OpenLEDs
    main.o(.text.handleCountMode) refers to functions.o(.text.handleTimerUpdate) for handleTimerUpdate
    main.o(.text.handleCountMode) refers to functions.o(.text.addNewTime) for addNewTime
    main.o(.text.handleCountMode) refers to main.o(.text.CLK_SysTickDelay) for CLK_SysTickDelay
    main.o(.text.handleCountMode) refers to functions.o(.text.calculateTime) for calculateTime
    main.o(.text.handleCountMode) refers to functions.o(.text.BuzzerBeep) for BuzzerBeep
    main.o(.text.handleCountMode) refers to main.o(.bss..L_MergedGlobals) for [Anonymous Symbol]
    main.o(.text.handleCountMode) refers to functions.o(.text.DisplayDigit) for DisplayDigit
    main.o(.ARM.exidx.text.handleCountMode) refers to main.o(.text.handleCountMode) for [Anonymous Symbol]
    main.o(.text.handleCheckMode) refers to functions.o(.text.CloseSegments) for CloseSegments
    main.o(.text.handleCheckMode) refers to functions.o(.text.isTimeEmpty) for isTimeEmpty
    main.o(.text.handleCheckMode) refers to functions.o(.text.DisplayDigit) for DisplayDigit
    main.o(.text.handleCheckMode) refers to main.o(.text.CLK_SysTickDelay) for CLK_SysTickDelay
    main.o(.text.handleCheckMode) refers to aeabi_sdiv.o(.text) for __aeabi_idivmod
    main.o(.text.handleCheckMode) refers to main.o(.bss..L_MergedGlobals) for [Anonymous Symbol]
    main.o(.text.handleCheckMode) refers to main.o(.data.times) for times
    main.o(.ARM.exidx.text.handleCheckMode) refers to main.o(.text.handleCheckMode) for [Anonymous Symbol]
    main.o(.text.TMR0_IRQHandler) refers to main.o(.bss.isOneTenthSecond) for isOneTenthSecond
    main.o(.ARM.exidx.text.TMR0_IRQHandler) refers to main.o(.text.TMR0_IRQHandler) for [Anonymous Symbol]
    main.o(.text.EINT1_IRQHandler) refers to main.o(.bss..L_MergedGlobals) for [Anonymous Symbol]
    main.o(.ARM.exidx.text.EINT1_IRQHandler) refers to main.o(.text.EINT1_IRQHandler) for [Anonymous Symbol]
    functions.o(.text.KeyPadScanning) refers to functions.o(.text.SearchColumn) for SearchColumn
    functions.o(.ARM.exidx.text.KeyPadScanning) refers to functions.o(.text.KeyPadScanning) for [Anonymous Symbol]
    functions.o(.text.SearchColumn) refers to functions.o(.text.CLK_SysTickDelay) for CLK_SysTickDelay
    functions.o(.text.SearchColumn) refers to main.o(.bss..L_MergedGlobals) for pause
    functions.o(.text.SearchColumn) refers to main.o(.bss.isCountModeStart) for isCountModeStart
    functions.o(.text.SearchColumn) refers to main.o(.bss.lapTimeIndex) for lapTimeIndex
    functions.o(.text.SearchColumn) refers to main.o(.data.times) for times
    functions.o(.ARM.exidx.text.SearchColumn) refers to functions.o(.text.SearchColumn) for [Anonymous Symbol]
    functions.o(.text.addNewTime) refers to aeabi_sdiv.o(.text) for __aeabi_idivmod
    functions.o(.text.addNewTime) refers to main.o(.bss.lapTimeIndex) for lapTimeIndex
    functions.o(.text.addNewTime) refers to main.o(.data.times) for times
    functions.o(.ARM.exidx.text.addNewTime) refers to functions.o(.text.addNewTime) for [Anonymous Symbol]
    functions.o(.text.CLK_SysTickDelay) refers to system_nuc100series.o(.data..L_MergedGlobals) for CyclesPerUs
    functions.o(.ARM.exidx.text.CLK_SysTickDelay) refers to functions.o(.text.CLK_SysTickDelay) for [Anonymous Symbol]
    functions.o(.text.DisplayDigit) refers to functions.o(.rodata.DIGIT_PATTERN) for DIGIT_PATTERN
    functions.o(.ARM.exidx.text.DisplayDigit) refers to functions.o(.text.DisplayDigit) for [Anonymous Symbol]
    functions.o(.ARM.exidx.text.CloseSegments) refers to functions.o(.text.CloseSegments) for [Anonymous Symbol]
    functions.o(.ARM.exidx.text.OpenLEDs) refers to functions.o(.text.OpenLEDs) for [Anonymous Symbol]
    functions.o(.text.handleTimerUpdate) refers to functions.o(.text.OpenLEDs) for OpenLEDs
    functions.o(.text.handleTimerUpdate) refers to aeabi_sdiv.o(.text) for __aeabi_idivmod
    functions.o(.text.handleTimerUpdate) refers to main.o(.bss..L_MergedGlobals) for pause
    functions.o(.text.handleTimerUpdate) refers to main.o(.bss.isOneTenthSecond) for isOneTenthSecond
    functions.o(.ARM.exidx.text.handleTimerUpdate) refers to functions.o(.text.handleTimerUpdate) for [Anonymous Symbol]
    functions.o(.text.resetCountTimes) refers to main.o(.bss..L_MergedGlobals) for countTimes
    functions.o(.ARM.exidx.text.resetCountTimes) refers to functions.o(.text.resetCountTimes) for [Anonymous Symbol]
    functions.o(.ARM.exidx.text.isTimeEmpty) refers to functions.o(.text.isTimeEmpty) for [Anonymous Symbol]
    functions.o(.ARM.exidx.text.calculateTime) refers to functions.o(.text.calculateTime) for [Anonymous Symbol]
    functions.o(.text.BuzzerBeep) refers to functions.o(.text.CLK_SysTickDelay) for CLK_SysTickDelay
    functions.o(.ARM.exidx.text.BuzzerBeep) refers to functions.o(.text.BuzzerBeep) for [Anonymous Symbol]
    __main.o(!!!main) refers to __rtentry.o(.ARM.Collect$$rtentry$$00000000) for __rt_entry
    __rtentry.o(.ARM.Collect$$rtentry$$00000000) refers (Special) to __rtentry2.o(.ARM.Collect$$rtentry$$0000000A) for __rt_entry_li
    __rtentry.o(.ARM.Collect$$rtentry$$00000000) refers (Special) to __rtentry2.o(.ARM.Collect$$rtentry$$0000000D) for __rt_entry_main
    __rtentry.o(.ARM.Collect$$rtentry$$00000000) refers (Special) to __rtentry2.o(.ARM.Collect$$rtentry$$0000000C) for __rt_entry_postli_1
    __rtentry.o(.ARM.Collect$$rtentry$$00000000) refers (Special) to __rtentry2.o(.ARM.Collect$$rtentry$$00000009) for __rt_entry_postsh_1
    __rtentry.o(.ARM.Collect$$rtentry$$00000000) refers (Special) to __rtentry2.o(.ARM.Collect$$rtentry$$00000002) for __rt_entry_presh_1
    __rtentry.o(.ARM.Collect$$rtentry$$00000000) refers (Special) to __rtentry4.o(.ARM.Collect$$rtentry$$00000004) for __rt_entry_sh
    aeabi_idiv0_sigfpe.o(.text) refers to rt_div0.o(.text) for __rt_div0
    __rtentry2.o(.ARM.Collect$$rtentry$$00000008) refers to boardinit2.o(.text) for _platform_post_stackheap_init
    __rtentry2.o(.ARM.Collect$$rtentry$$0000000A) refers to libinit.o(.ARM.Collect$$libinit$$00000000) for __rt_lib_init
    __rtentry2.o(.ARM.Collect$$rtentry$$0000000B) refers to boardinit3.o(.text) for _platform_post_lib_init
    __rtentry2.o(.ARM.Collect$$rtentry$$0000000D) refers to main.o(.text.main) for main
    __rtentry2.o(.ARM.Collect$$rtentry$$0000000D) refers to exit.o(.text) for exit
    __rtentry2.o(.ARM.exidx) refers to __rtentry2.o(.ARM.Collect$$rtentry$$00000001) for .ARM.Collect$$rtentry$$00000001
    __rtentry2.o(.ARM.exidx) refers to __rtentry2.o(.ARM.Collect$$rtentry$$00000008) for .ARM.Collect$$rtentry$$00000008
    __rtentry2.o(.ARM.exidx) refers to __rtentry2.o(.ARM.Collect$$rtentry$$0000000A) for .ARM.Collect$$rtentry$$0000000A
    __rtentry2.o(.ARM.exidx) refers to __rtentry2.o(.ARM.Collect$$rtentry$$0000000B) for .ARM.Collect$$rtentry$$0000000B
    __rtentry2.o(.ARM.exidx) refers to __rtentry2.o(.ARM.Collect$$rtentry$$0000000D) for .ARM.Collect$$rtentry$$0000000D
    __rtentry4.o(.ARM.Collect$$rtentry$$00000004) refers to sys_stackheap_outer.o(.text) for __user_setup_stackheap
    __rtentry4.o(.ARM.exidx) refers to __rtentry4.o(.ARM.Collect$$rtentry$$00000004) for .ARM.Collect$$rtentry$$00000004
    rt_div0.o(.text) refers to defsig_fpe_outer.o(.text) for __rt_SIGFPE
    sys_stackheap_outer.o(.text) refers to libspace.o(.text) for __user_perproc_libspace
    sys_stackheap_outer.o(.text) refers to startup_nuc100series.o(.text) for __user_initial_stackheap
    sys_stackheap_outer.o(__vectab_stack_and_reset_area) refers to tempstk.o(.text) for __temporary_stack_top
    sys_stackheap_outer.o(__vectab_stack_and_reset_area) refers to __main.o(!!!main) for __main
    exit.o(.text) refers to rtexit.o(.ARM.Collect$$rtexit$$00000000) for __rt_exit
    defsig_fpe_outer.o(.text) refers to defsig_fpe_inner.o(.text) for __rt_SIGFPE_inner
    defsig_fpe_outer.o(.text) refers to defsig_exit.o(.text) for __sig_exit
    defsig_fpe_formal.o(.text) refers to rt_raise.o(.text) for __rt_raise
    libinit.o(.ARM.Collect$$libinit$$00000000) refers (Special) to libinit2.o(.ARM.Collect$$libinit$$0000002E) for __rt_lib_init_alloca_1
    libinit.o(.ARM.Collect$$libinit$$00000000) refers (Special) to libinit2.o(.ARM.Collect$$libinit$$0000002C) for __rt_lib_init_argv_1
    libinit.o(.ARM.Collect$$libinit$$00000000) refers (Special) to libinit2.o(.ARM.Collect$$libinit$$0000001B) for __rt_lib_init_atexit_1
    libinit.o(.ARM.Collect$$libinit$$00000000) refers (Special) to libinit2.o(.ARM.Collect$$libinit$$00000021) for __rt_lib_init_clock_1
    libinit.o(.ARM.Collect$$libinit$$00000000) refers (Special) to libinit2.o(.ARM.Collect$$libinit$$00000032) for __rt_lib_init_cpp_1
    libinit.o(.ARM.Collect$$libinit$$00000000) refers (Special) to libinit2.o(.ARM.Collect$$libinit$$00000030) for __rt_lib_init_exceptions_1
    libinit.o(.ARM.Collect$$libinit$$00000000) refers (Special) to libinit2.o(.ARM.Collect$$libinit$$00000002) for __rt_lib_init_fp_1
    libinit.o(.ARM.Collect$$libinit$$00000000) refers (Special) to libinit2.o(.ARM.Collect$$libinit$$0000001F) for __rt_lib_init_fp_trap_1
    libinit.o(.ARM.Collect$$libinit$$00000000) refers (Special) to libinit2.o(.ARM.Collect$$libinit$$00000023) for __rt_lib_init_getenv_1
    libinit.o(.ARM.Collect$$libinit$$00000000) refers (Special) to libinit2.o(.ARM.Collect$$libinit$$0000000A) for __rt_lib_init_heap_1
    libinit.o(.ARM.Collect$$libinit$$00000000) refers (Special) to libinit2.o(.ARM.Collect$$libinit$$00000011) for __rt_lib_init_lc_collate_1
    libinit.o(.ARM.Collect$$libinit$$00000000) refers (Special) to libinit2.o(.ARM.Collect$$libinit$$00000013) for __rt_lib_init_lc_ctype_1
    libinit.o(.ARM.Collect$$libinit$$00000000) refers (Special) to libinit2.o(.ARM.Collect$$libinit$$00000015) for __rt_lib_init_lc_monetary_1
    libinit.o(.ARM.Collect$$libinit$$00000000) refers (Special) to libinit2.o(.ARM.Collect$$libinit$$00000017) for __rt_lib_init_lc_numeric_1
    libinit.o(.ARM.Collect$$libinit$$00000000) refers (Special) to libinit2.o(.ARM.Collect$$libinit$$00000019) for __rt_lib_init_lc_time_1
    libinit.o(.ARM.Collect$$libinit$$00000000) refers (Special) to libinit2.o(.ARM.Collect$$libinit$$00000004) for __rt_lib_init_preinit_1
    libinit.o(.ARM.Collect$$libinit$$00000000) refers (Special) to libinit2.o(.ARM.Collect$$libinit$$0000000E) for __rt_lib_init_rand_1
    libinit.o(.ARM.Collect$$libinit$$00000000) refers (Special) to libinit2.o(.ARM.Collect$$libinit$$00000033) for __rt_lib_init_return
    libinit.o(.ARM.Collect$$libinit$$00000000) refers (Special) to libinit2.o(.ARM.Collect$$libinit$$0000001D) for __rt_lib_init_signal_1
    libinit.o(.ARM.Collect$$libinit$$00000000) refers (Special) to libinit2.o(.ARM.Collect$$libinit$$00000025) for __rt_lib_init_stdio_1
    libinit.o(.ARM.Collect$$libinit$$00000000) refers (Special) to libinit2.o(.ARM.Collect$$libinit$$0000000C) for __rt_lib_init_user_alloc_1
    libspace.o(.text) refers to libspace.o(.bss) for __libspace_start
    rtexit.o(.ARM.Collect$$rtexit$$00000000) refers (Special) to rtexit2.o(.ARM.Collect$$rtexit$$00000004) for __rt_exit_exit
    rtexit.o(.ARM.Collect$$rtexit$$00000000) refers (Special) to rtexit2.o(.ARM.Collect$$rtexit$$00000003) for __rt_exit_ls
    rtexit.o(.ARM.Collect$$rtexit$$00000000) refers (Special) to rtexit2.o(.ARM.Collect$$rtexit$$00000002) for __rt_exit_prels_1
    rtexit.o(.ARM.exidx) refers (Special) to rtexit2.o(.ARM.Collect$$rtexit$$00000004) for __rt_exit_exit
    rtexit.o(.ARM.exidx) refers (Special) to rtexit2.o(.ARM.Collect$$rtexit$$00000003) for __rt_exit_ls
    rtexit.o(.ARM.exidx) refers (Special) to rtexit2.o(.ARM.Collect$$rtexit$$00000002) for __rt_exit_prels_1
    rtexit.o(.ARM.exidx) refers to rtexit.o(.ARM.Collect$$rtexit$$00000000) for .ARM.Collect$$rtexit$$00000000
    rt_raise.o(.text) refers to __raise.o(.text) for __raise
    rt_raise.o(.text) refers to sys_exit.o(.text) for _sys_exit
    defsig_exit.o(.text) refers to sys_exit.o(.text) for _sys_exit
    defsig_fpe_inner.o(.text) refers to defsig_general.o(.text) for __default_signal_display
    libinit2.o(.ARM.Collect$$libinit$$00000010) refers to libinit2.o(.ARM.Collect$$libinit$$0000000F) for .ARM.Collect$$libinit$$0000000F
    libinit2.o(.ARM.Collect$$libinit$$00000012) refers to libinit2.o(.ARM.Collect$$libinit$$0000000F) for .ARM.Collect$$libinit$$0000000F
    libinit2.o(.ARM.Collect$$libinit$$00000014) refers to libinit2.o(.ARM.Collect$$libinit$$0000000F) for .ARM.Collect$$libinit$$0000000F
    libinit2.o(.ARM.Collect$$libinit$$00000016) refers to libinit2.o(.ARM.Collect$$libinit$$0000000F) for .ARM.Collect$$libinit$$0000000F
    libinit2.o(.ARM.Collect$$libinit$$00000018) refers to libinit2.o(.ARM.Collect$$libinit$$0000000F) for .ARM.Collect$$libinit$$0000000F
    libinit2.o(.ARM.Collect$$libinit$$00000026) refers to argv_veneer.o(.text) for __ARM_argv_veneer
    libinit2.o(.ARM.Collect$$libinit$$00000027) refers to argv_veneer.o(.text) for __ARM_argv_veneer
    sys_exit.o(.text) refers (Special) to use_no_semi.o(.text) for __I$use$semihosting
    sys_exit.o(.text) refers (Special) to indicate_semi.o(.text) for __semihosting_library_function
    sys_exit_hlt.o(.text) refers (Special) to use_no_semi.o(.text) for __I$use$semihosting
    sys_exit_hlt.o(.text) refers (Special) to indicate_semi.o(.text) for __semihosting_library_function
    rtexit2.o(.ARM.Collect$$rtexit$$00000003) refers to libshutdown.o(.ARM.Collect$$libshutdown$$00000000) for __rt_lib_shutdown
    rtexit2.o(.ARM.Collect$$rtexit$$00000004) refers to sys_exit.o(.text) for _sys_exit
    rtexit2.o(.ARM.exidx) refers to rtexit2.o(.ARM.Collect$$rtexit$$00000001) for .ARM.Collect$$rtexit$$00000001
    rtexit2.o(.ARM.exidx) refers to rtexit2.o(.ARM.Collect$$rtexit$$00000003) for .ARM.Collect$$rtexit$$00000003
    rtexit2.o(.ARM.exidx) refers to rtexit2.o(.ARM.Collect$$rtexit$$00000004) for .ARM.Collect$$rtexit$$00000004
    __raise.o(.text) refers to defsig.o(CL$$defsig) for __default_signal_handler
    defsig_general.o(.text) refers to sys_wrch.o(.text) for _ttywrch
    sys_wrch.o(.text) refers (Special) to use_no_semi.o(.text) for __I$use$semihosting
    sys_wrch.o(.text) refers (Special) to indicate_semi.o(.text) for __semihosting_library_function
    sys_wrch_hlt.o(.text) refers (Special) to use_no_semi.o(.text) for __I$use$semihosting
    sys_wrch_hlt.o(.text) refers (Special) to indicate_semi.o(.text) for __semihosting_library_function
    defsig.o(CL$$defsig) refers to defsig_fpe_inner.o(.text) for __rt_SIGFPE_inner
    defsig.o(CL$$defsig) refers to defsig_rtmem_inner.o(.text) for __rt_SIGRTMEM_inner
    _get_argv_nomalloc.o(.text) refers (Special) to hrguard.o(.text) for __heap_region$guard
    _get_argv_nomalloc.o(.text) refers to defsig_rtmem_outer.o(.text) for __rt_SIGRTMEM
    _get_argv_nomalloc.o(.text) refers to sys_command.o(.text) for _sys_command_string
    libshutdown.o(.ARM.Collect$$libshutdown$$00000000) refers (Special) to libshutdown2.o(.ARM.Collect$$libshutdown$$00000002) for __rt_lib_shutdown_cpp_1
    libshutdown.o(.ARM.Collect$$libshutdown$$00000000) refers (Special) to libshutdown2.o(.ARM.Collect$$libshutdown$$00000007) for __rt_lib_shutdown_fp_trap_1
    libshutdown.o(.ARM.Collect$$libshutdown$$00000000) refers (Special) to libshutdown2.o(.ARM.Collect$$libshutdown$$0000000F) for __rt_lib_shutdown_heap_1
    libshutdown.o(.ARM.Collect$$libshutdown$$00000000) refers (Special) to libshutdown2.o(.ARM.Collect$$libshutdown$$00000010) for __rt_lib_shutdown_return
    libshutdown.o(.ARM.Collect$$libshutdown$$00000000) refers (Special) to libshutdown2.o(.ARM.Collect$$libshutdown$$0000000A) for __rt_lib_shutdown_signal_1
    libshutdown.o(.ARM.Collect$$libshutdown$$00000000) refers (Special) to libshutdown2.o(.ARM.Collect$$libshutdown$$00000004) for __rt_lib_shutdown_stdio_1
    libshutdown.o(.ARM.Collect$$libshutdown$$00000000) refers (Special) to libshutdown2.o(.ARM.Collect$$libshutdown$$0000000C) for __rt_lib_shutdown_user_alloc_1
    sys_command.o(.text) refers (Special) to use_no_semi.o(.text) for __I$use$semihosting
    sys_command.o(.text) refers (Special) to indicate_semi.o(.text) for __semihosting_library_function
    sys_command_hlt.o(.text) refers (Special) to use_no_semi.o(.text) for __I$use$semihosting
    sys_command_hlt.o(.text) refers (Special) to indicate_semi.o(.text) for __semihosting_library_function
    defsig_abrt_inner.o(.text) refers to defsig_general.o(.text) for __default_signal_display
    defsig_rtred_inner.o(.text) refers to defsig_general.o(.text) for __default_signal_display
    defsig_rtmem_inner.o(.text) refers to defsig_general.o(.text) for __default_signal_display
    defsig_rtmem_outer.o(.text) refers to defsig_rtmem_inner.o(.text) for __rt_SIGRTMEM_inner
    defsig_rtmem_outer.o(.text) refers to defsig_exit.o(.text) for __sig_exit
    defsig_rtmem_formal.o(.text) refers to rt_raise.o(.text) for __rt_raise
    defsig_stak_inner.o(.text) refers to defsig_general.o(.text) for __default_signal_display
    defsig_pvfn_inner.o(.text) refers to defsig_general.o(.text) for __default_signal_display
    defsig_cppl_inner.o(.text) refers to defsig_general.o(.text) for __default_signal_display
    defsig_segv_inner.o(.text) refers to defsig_general.o(.text) for __default_signal_display
    defsig_other.o(.text) refers to defsig_general.o(.text) for __default_signal_display


==============================================================================

Removing Unused input sections from the image.

    Removing system_nuc100series.o(.text), (0 bytes).
    Removing system_nuc100series.o(.text.SystemCoreClockUpdate), (152 bytes).
    Removing system_nuc100series.o(.ARM.exidx.text.SystemCoreClockUpdate), (8 bytes).
    Removing system_nuc100series.o(.ARM.exidx.text.SystemInit), (8 bytes).
    Removing gpio.o(.text), (0 bytes).
    Removing gpio.o(.ARM.exidx.text.GPIO_SetMode), (8 bytes).
    Removing gpio.o(.text.GPIO_EnableInt), (28 bytes).
    Removing gpio.o(.ARM.exidx.text.GPIO_EnableInt), (8 bytes).
    Removing gpio.o(.text.GPIO_DisableInt), (28 bytes).
    Removing gpio.o(.ARM.exidx.text.GPIO_DisableInt), (8 bytes).
    Removing setup.o(.text), (0 bytes).
    Removing setup.o(.ARM.exidx.text.GPIO_Config), (8 bytes).
    Removing setup.o(.ARM.exidx.text.SystemConfig), (8 bytes).
    Removing setup.o(.ARM.exidx.text.Timer0Config), (8 bytes).
    Removing main.o(.text), (0 bytes).
    Removing main.o(.ARM.exidx.text.main), (8 bytes).
    Removing main.o(.ARM.exidx.text.CLK_SysTickDelay), (8 bytes).
    Removing main.o(.ARM.exidx.text.Idle), (8 bytes).
    Removing main.o(.ARM.exidx.text.handleAlarmSetMode), (8 bytes).
    Removing main.o(.ARM.exidx.text.handleCountMode), (8 bytes).
    Removing main.o(.ARM.exidx.text.handleCheckMode), (8 bytes).
    Removing main.o(.ARM.exidx.text.TMR0_IRQHandler), (8 bytes).
    Removing main.o(.ARM.exidx.text.EINT1_IRQHandler), (8 bytes).
    Removing main.o(.ARM.use_no_argv), (4 bytes).
    Removing functions.o(.text), (0 bytes).
    Removing functions.o(.ARM.exidx.text.KeyPadScanning), (8 bytes).
    Removing functions.o(.ARM.exidx.text.SearchColumn), (8 bytes).
    Removing functions.o(.ARM.exidx.text.addNewTime), (8 bytes).
    Removing functions.o(.ARM.exidx.text.CLK_SysTickDelay), (8 bytes).
    Removing functions.o(.ARM.exidx.text.DisplayDigit), (8 bytes).
    Removing functions.o(.ARM.exidx.text.CloseSegments), (8 bytes).
    Removing functions.o(.ARM.exidx.text.OpenLEDs), (8 bytes).
    Removing functions.o(.ARM.exidx.text.handleTimerUpdate), (8 bytes).
    Removing functions.o(.text.resetCountTimes), (20 bytes).
    Removing functions.o(.ARM.exidx.text.resetCountTimes), (8 bytes).
    Removing functions.o(.ARM.exidx.text.isTimeEmpty), (8 bytes).
    Removing functions.o(.ARM.exidx.text.calculateTime), (8 bytes).
    Removing functions.o(.ARM.exidx.text.BuzzerBeep), (8 bytes).

38 unused section(s) (total 456 bytes) removed from the image.

==============================================================================

Image Symbol Table

    Local Symbols

    Symbol Name                              Value     Ov Type        Size  Object(Section)

    ../clib/angel/boardlib.s                 0x00000000   Number         0  boardinit1.o ABSOLUTE
    ../clib/angel/boardlib.s                 0x00000000   Number         0  boardinit2.o ABSOLUTE
    ../clib/angel/boardlib.s                 0x00000000   Number         0  boardinit3.o ABSOLUTE
    ../clib/angel/boardlib.s                 0x00000000   Number         0  boardshut.o ABSOLUTE
    ../clib/angel/handlers.s                 0x00000000   Number         0  __scatter_copy.o ABSOLUTE
    ../clib/angel/handlers.s                 0x00000000   Number         0  __scatter_zi.o ABSOLUTE
    ../clib/angel/kernel.s                   0x00000000   Number         0  __rtentry.o ABSOLUTE
    ../clib/angel/kernel.s                   0x00000000   Number         0  __rtentry2.o ABSOLUTE
    ../clib/angel/kernel.s                   0x00000000   Number         0  __rtentry4.o ABSOLUTE
    ../clib/angel/kernel.s                   0x00000000   Number         0  rtexit.o ABSOLUTE
    ../clib/angel/kernel.s                   0x00000000   Number         0  rtexit2.o ABSOLUTE
    ../clib/angel/rt.s                       0x00000000   Number         0  aeabi_idiv0.o ABSOLUTE
    ../clib/angel/rt.s                       0x00000000   Number         0  aeabi_idiv0_sigfpe.o ABSOLUTE
    ../clib/angel/rt.s                       0x00000000   Number         0  rt_div0.o ABSOLUTE
    ../clib/angel/rt.s                       0x00000000   Number         0  rt_raise.o ABSOLUTE
    ../clib/angel/scatterp.s                 0x00000000   Number         0  __scatter.o ABSOLUTE
    ../clib/angel/startup.s                  0x00000000   Number         0  __main.o ABSOLUTE
    ../clib/angel/sys.s                      0x00000000   Number         0  sys_stackheap_outer.o ABSOLUTE
    ../clib/angel/sys.s                      0x00000000   Number         0  libspace.o ABSOLUTE
    ../clib/angel/sys.s                      0x00000000   Number         0  tempstk.o ABSOLUTE
    ../clib/angel/sys.s                      0x00000000   Number         0  use_no_semi.o ABSOLUTE
    ../clib/angel/sys.s                      0x00000000   Number         0  indicate_semi.o ABSOLUTE
    ../clib/angel/sysapp.c                   0x00000000   Number         0  sys_exit.o ABSOLUTE
    ../clib/angel/sysapp.c                   0x00000000   Number         0  sys_exit_hlt.o ABSOLUTE
    ../clib/angel/sysapp.c                   0x00000000   Number         0  sys_wrch.o ABSOLUTE
    ../clib/angel/sysapp.c                   0x00000000   Number         0  sys_wrch_hlt.o ABSOLUTE
    ../clib/angel/sysapp.c                   0x00000000   Number         0  sys_command.o ABSOLUTE
    ../clib/angel/sysapp.c                   0x00000000   Number         0  sys_command_hlt.o ABSOLUTE
    ../clib/armsys.c                         0x00000000   Number         0  argv_veneer.o ABSOLUTE
    ../clib/armsys.c                         0x00000000   Number         0  _get_argv_nomalloc.o ABSOLUTE
    ../clib/armsys.c                         0x00000000   Number         0  no_argv.o ABSOLUTE
    ../clib/division.s                       0x00000000   Number         0  aeabi_sdiv.o ABSOLUTE
    ../clib/division.s                       0x00000000   Number         0  aeabi_sdiv_div0.o ABSOLUTE
    ../clib/heapalloc.c                      0x00000000   Number         0  hrguard.o ABSOLUTE
    ../clib/heapaux.c                        0x00000000   Number         0  heapauxi.o ABSOLUTE
    ../clib/libinit.s                        0x00000000   Number         0  libinit.o ABSOLUTE
    ../clib/libinit.s                        0x00000000   Number         0  libinit2.o ABSOLUTE
    ../clib/libinit.s                        0x00000000   Number         0  libshutdown.o ABSOLUTE
    ../clib/libinit.s                        0x00000000   Number         0  libshutdown2.o ABSOLUTE
    ../clib/signal.c                         0x00000000   Number         0  defsig_fpe_outer.o ABSOLUTE
    ../clib/signal.c                         0x00000000   Number         0  defsig_fpe_formal.o ABSOLUTE
    ../clib/signal.c                         0x00000000   Number         0  defsig_exit.o ABSOLUTE
    ../clib/signal.c                         0x00000000   Number         0  defsig_fpe_inner.o ABSOLUTE
    ../clib/signal.c                         0x00000000   Number         0  __raise.o ABSOLUTE
    ../clib/signal.c                         0x00000000   Number         0  defsig_general.o ABSOLUTE
    ../clib/signal.c                         0x00000000   Number         0  defsig_abrt_inner.o ABSOLUTE
    ../clib/signal.c                         0x00000000   Number         0  defsig_rtred_inner.o ABSOLUTE
    ../clib/signal.c                         0x00000000   Number         0  defsig_rtmem_inner.o ABSOLUTE
    ../clib/signal.c                         0x00000000   Number         0  defsig_rtmem_outer.o ABSOLUTE
    ../clib/signal.c                         0x00000000   Number         0  defsig_rtmem_formal.o ABSOLUTE
    ../clib/signal.c                         0x00000000   Number         0  defsig_stak_inner.o ABSOLUTE
    ../clib/signal.c                         0x00000000   Number         0  defsig_pvfn_inner.o ABSOLUTE
    ../clib/signal.c                         0x00000000   Number         0  defsig_cppl_inner.o ABSOLUTE
    ../clib/signal.c                         0x00000000   Number         0  defsig_segv_inner.o ABSOLUTE
    ../clib/signal.c                         0x00000000   Number         0  defsig_other.o ABSOLUTE
    ../clib/signal.s                         0x00000000   Number         0  defsig.o ABSOLUTE
    ../clib/stdlib.c                         0x00000000   Number         0  exit.o ABSOLUTE
    ../fplib/cfplib/fpinit.c                 0x00000000   Number         0  fpinit.o ABSOLUTE
    C:/Keil_v5/Library/NUC100Series/Source/ARM/startup_NUC100Series.s 0x00000000   Number         0  startup_nuc100series.o ABSOLUTE
    dc.s                                     0x00000000   Number         0  dc.o ABSOLUTE
    functions.c                              0x00000000   Number         0  functions.o ABSOLUTE
    gpio.c                                   0x00000000   Number         0  gpio.o ABSOLUTE
    main.c                                   0x00000000   Number         0  main.o ABSOLUTE
    setup.c                                  0x00000000   Number         0  setup.o ABSOLUTE
    system_NUC100Series.c                    0x00000000   Number         0  system_nuc100series.o ABSOLUTE
    RESET                                    0x00000000   Section      192  startup_nuc100series.o(RESET)
    !!!main                                  0x000000c0   Section        8  __main.o(!!!main)
    !!!scatter                               0x000000c8   Section       60  __scatter.o(!!!scatter)
    !!handler_copy                           0x00000104   Section       26  __scatter_copy.o(!!handler_copy)
    !!handler_zi                             0x00000120   Section       28  __scatter_zi.o(!!handler_zi)
    .ARM.Collect$$libinit$$00000000          0x0000013c   Section        2  libinit.o(.ARM.Collect$$libinit$$00000000)
    .ARM.Collect$$libinit$$00000002          0x0000013e   Section        0  libinit2.o(.ARM.Collect$$libinit$$00000002)
    .ARM.Collect$$libinit$$00000004          0x0000013e   Section        0  libinit2.o(.ARM.Collect$$libinit$$00000004)
    .ARM.Collect$$libinit$$0000000A          0x0000013e   Section        0  libinit2.o(.ARM.Collect$$libinit$$0000000A)
    .ARM.Collect$$libinit$$0000000C          0x0000013e   Section        0  libinit2.o(.ARM.Collect$$libinit$$0000000C)
    .ARM.Collect$$libinit$$0000000E          0x0000013e   Section        0  libinit2.o(.ARM.Collect$$libinit$$0000000E)
    .ARM.Collect$$libinit$$00000011          0x0000013e   Section        0  libinit2.o(.ARM.Collect$$libinit$$00000011)
    .ARM.Collect$$libinit$$00000013          0x0000013e   Section        0  libinit2.o(.ARM.Collect$$libinit$$00000013)
    .ARM.Collect$$libinit$$00000015          0x0000013e   Section        0  libinit2.o(.ARM.Collect$$libinit$$00000015)
    .ARM.Collect$$libinit$$00000017          0x0000013e   Section        0  libinit2.o(.ARM.Collect$$libinit$$00000017)
    .ARM.Collect$$libinit$$00000019          0x0000013e   Section        0  libinit2.o(.ARM.Collect$$libinit$$00000019)
    .ARM.Collect$$libinit$$0000001B          0x0000013e   Section        0  libinit2.o(.ARM.Collect$$libinit$$0000001B)
    .ARM.Collect$$libinit$$0000001D          0x0000013e   Section        0  libinit2.o(.ARM.Collect$$libinit$$0000001D)
    .ARM.Collect$$libinit$$0000001F          0x0000013e   Section        0  libinit2.o(.ARM.Collect$$libinit$$0000001F)
    .ARM.Collect$$libinit$$00000021          0x0000013e   Section        0  libinit2.o(.ARM.Collect$$libinit$$00000021)
    .ARM.Collect$$libinit$$00000023          0x0000013e   Section        0  libinit2.o(.ARM.Collect$$libinit$$00000023)
    .ARM.Collect$$libinit$$00000025          0x0000013e   Section        0  libinit2.o(.ARM.Collect$$libinit$$00000025)
    .ARM.Collect$$libinit$$0000002C          0x0000013e   Section        0  libinit2.o(.ARM.Collect$$libinit$$0000002C)
    .ARM.Collect$$libinit$$0000002E          0x0000013e   Section        0  libinit2.o(.ARM.Collect$$libinit$$0000002E)
    .ARM.Collect$$libinit$$00000030          0x0000013e   Section        0  libinit2.o(.ARM.Collect$$libinit$$00000030)
    .ARM.Collect$$libinit$$00000032          0x0000013e   Section        0  libinit2.o(.ARM.Collect$$libinit$$00000032)
    .ARM.Collect$$libinit$$00000033          0x0000013e   Section        2  libinit2.o(.ARM.Collect$$libinit$$00000033)
    .ARM.Collect$$libshutdown$$00000000      0x00000140   Section        2  libshutdown.o(.ARM.Collect$$libshutdown$$00000000)
    .ARM.Collect$$libshutdown$$00000002      0x00000142   Section        0  libshutdown2.o(.ARM.Collect$$libshutdown$$00000002)
    .ARM.Collect$$libshutdown$$00000004      0x00000142   Section        0  libshutdown2.o(.ARM.Collect$$libshutdown$$00000004)
    .ARM.Collect$$libshutdown$$00000007      0x00000142   Section        0  libshutdown2.o(.ARM.Collect$$libshutdown$$00000007)
    .ARM.Collect$$libshutdown$$0000000A      0x00000142   Section        0  libshutdown2.o(.ARM.Collect$$libshutdown$$0000000A)
    .ARM.Collect$$libshutdown$$0000000C      0x00000142   Section        0  libshutdown2.o(.ARM.Collect$$libshutdown$$0000000C)
    .ARM.Collect$$libshutdown$$0000000F      0x00000142   Section        0  libshutdown2.o(.ARM.Collect$$libshutdown$$0000000F)
    .ARM.Collect$$libshutdown$$00000010      0x00000142   Section        2  libshutdown2.o(.ARM.Collect$$libshutdown$$00000010)
    .ARM.Collect$$rtentry$$00000000          0x00000144   Section        0  __rtentry.o(.ARM.Collect$$rtentry$$00000000)
    .ARM.Collect$$rtentry$$00000002          0x00000144   Section        0  __rtentry2.o(.ARM.Collect$$rtentry$$00000002)
    .ARM.Collect$$rtentry$$00000004          0x00000144   Section        6  __rtentry4.o(.ARM.Collect$$rtentry$$00000004)
    .ARM.Collect$$rtentry$$00000009          0x0000014a   Section        0  __rtentry2.o(.ARM.Collect$$rtentry$$00000009)
    .ARM.Collect$$rtentry$$0000000A          0x0000014a   Section        4  __rtentry2.o(.ARM.Collect$$rtentry$$0000000A)
    .ARM.Collect$$rtentry$$0000000C          0x0000014e   Section        0  __rtentry2.o(.ARM.Collect$$rtentry$$0000000C)
    .ARM.Collect$$rtentry$$0000000D          0x0000014e   Section        8  __rtentry2.o(.ARM.Collect$$rtentry$$0000000D)
    .ARM.Collect$$rtexit$$00000000           0x00000156   Section        2  rtexit.o(.ARM.Collect$$rtexit$$00000000)
    .ARM.Collect$$rtexit$$00000002           0x00000158   Section        0  rtexit2.o(.ARM.Collect$$rtexit$$00000002)
    .ARM.Collect$$rtexit$$00000003           0x00000158   Section        4  rtexit2.o(.ARM.Collect$$rtexit$$00000003)
    .ARM.Collect$$rtexit$$00000004           0x0000015c   Section        6  rtexit2.o(.ARM.Collect$$rtexit$$00000004)
    .text                                    0x00000164   Section      100  startup_nuc100series.o(.text)
    Default_Handler                          0x0000018f   Thumb Code     2  startup_nuc100series.o(.text)
    .text                                    0x000001c8   Section      364  aeabi_sdiv.o(.text)
    .text                                    0x00000334   Section        0  heapauxi.o(.text)
    .text                                    0x0000033a   Section       62  sys_stackheap_outer.o(.text)
    .text                                    0x00000378   Section        0  exit.o(.text)
    .text                                    0x00000388   Section        8  libspace.o(.text)
    .text                                    0x00000390   Section        0  sys_exit.o(.text)
    .text                                    0x0000039c   Section        2  use_no_semi.o(.text)
    .text                                    0x0000039e   Section        0  indicate_semi.o(.text)
    [Anonymous Symbol]                       0x000003a0   Section        0  functions.o(.text.BuzzerBeep)
    __arm_cp.11_0                            0x000003c4   Number         4  functions.o(.text.BuzzerBeep)
    __arm_cp.11_1                            0x000003c8   Number         4  functions.o(.text.BuzzerBeep)
    CLK_SysTickDelay                         0x000003cd   Thumb Code    28  main.o(.text.CLK_SysTickDelay)
    [Anonymous Symbol]                       0x000003cc   Section        0  main.o(.text.CLK_SysTickDelay)
    CLK_SysTickDelay                         0x000003e9   Thumb Code    36  functions.o(.text.CLK_SysTickDelay)
    [Anonymous Symbol]                       0x000003e8   Section        0  functions.o(.text.CLK_SysTickDelay)
    __arm_cp.3_0                             0x00000404   Number         4  functions.o(.text.CLK_SysTickDelay)
    __arm_cp.3_1                             0x00000408   Number         4  functions.o(.text.CLK_SysTickDelay)
    [Anonymous Symbol]                       0x0000040c   Section        0  functions.o(.text.CloseSegments)
    [Anonymous Symbol]                       0x00000430   Section        0  functions.o(.text.DisplayDigit)
    __arm_cp.4_0                             0x000004c4   Number         4  functions.o(.text.DisplayDigit)
    __arm_cp.4_2                             0x000004c8   Number         4  functions.o(.text.DisplayDigit)
    [Anonymous Symbol]                       0x000004cc   Section        0  main.o(.text.EINT1_IRQHandler)
    __arm_cp.7_0                             0x000004ec   Number         4  main.o(.text.EINT1_IRQHandler)
    __arm_cp.7_1                             0x000004f0   Number         4  main.o(.text.EINT1_IRQHandler)
    [Anonymous Symbol]                       0x000004f4   Section        0  setup.o(.text.GPIO_Config)
    __arm_cp.0_0                             0x00000610   Number         4  setup.o(.text.GPIO_Config)
    __arm_cp.0_1                             0x00000614   Number         4  setup.o(.text.GPIO_Config)
    __arm_cp.0_2                             0x00000618   Number         4  setup.o(.text.GPIO_Config)
    __arm_cp.0_4                             0x0000061c   Number         4  setup.o(.text.GPIO_Config)
    [Anonymous Symbol]                       0x00000620   Section        0  gpio.o(.text.GPIO_SetMode)
    [Anonymous Symbol]                       0x0000064a   Section        0  main.o(.text.Idle)
    [Anonymous Symbol]                       0x00000658   Section        0  functions.o(.text.KeyPadScanning)
    [Anonymous Symbol]                       0x00000698   Section        0  functions.o(.text.OpenLEDs)
    __arm_cp.6_0                             0x000006cc   Number         4  functions.o(.text.OpenLEDs)
    [Anonymous Symbol]                       0x000006d0   Section        0  functions.o(.text.SearchColumn)
    __arm_cp.1_0                             0x00000840   Number         4  functions.o(.text.SearchColumn)
    __arm_cp.1_3                             0x00000848   Number         4  functions.o(.text.SearchColumn)
    __arm_cp.1_4                             0x0000084c   Number         4  functions.o(.text.SearchColumn)
    __arm_cp.1_5                             0x00000850   Number         4  functions.o(.text.SearchColumn)
    __arm_cp.1_6                             0x00000854   Number         4  functions.o(.text.SearchColumn)
    __arm_cp.1_7                             0x00000858   Number         4  functions.o(.text.SearchColumn)
    __arm_cp.1_8                             0x0000085c   Number         4  functions.o(.text.SearchColumn)
    __arm_cp.1_9                             0x00000860   Number         4  functions.o(.text.SearchColumn)
    __arm_cp.1_10                            0x00000864   Number         4  functions.o(.text.SearchColumn)
    __arm_cp.1_11                            0x00000868   Number         4  functions.o(.text.SearchColumn)
    __arm_cp.1_13                            0x0000086c   Number         4  functions.o(.text.SearchColumn)
    __arm_cp.1_14                            0x00000870   Number         4  functions.o(.text.SearchColumn)
    __arm_cp.1_15                            0x00000874   Number         4  functions.o(.text.SearchColumn)
    __arm_cp.1_17                            0x00000878   Number         4  functions.o(.text.SearchColumn)
    __arm_cp.1_18                            0x0000087c   Number         4  functions.o(.text.SearchColumn)
    [Anonymous Symbol]                       0x00000880   Section        0  setup.o(.text.SystemConfig)
    __arm_cp.1_0                             0x000008ac   Number         4  setup.o(.text.SystemConfig)
    [Anonymous Symbol]                       0x000008b0   Section        0  system_nuc100series.o(.text.SystemInit)
    [Anonymous Symbol]                       0x000008b4   Section        0  main.o(.text.TMR0_IRQHandler)
    __arm_cp.6_1                             0x000008d0   Number         4  main.o(.text.TMR0_IRQHandler)
    __arm_cp.6_2                             0x000008d4   Number         4  main.o(.text.TMR0_IRQHandler)
    [Anonymous Symbol]                       0x000008d8   Section        0  setup.o(.text.Timer0Config)
    __arm_cp.2_0                             0x0000095c   Number         4  setup.o(.text.Timer0Config)
    __arm_cp.2_1                             0x00000960   Number         4  setup.o(.text.Timer0Config)
    __arm_cp.2_2                             0x00000964   Number         4  setup.o(.text.Timer0Config)
    __arm_cp.2_3                             0x00000968   Number         4  setup.o(.text.Timer0Config)
    __arm_cp.2_4                             0x0000096c   Number         4  setup.o(.text.Timer0Config)
    [Anonymous Symbol]                       0x00000970   Section        0  functions.o(.text.addNewTime)
    __arm_cp.2_0                             0x000009a8   Number         4  functions.o(.text.addNewTime)
    [Anonymous Symbol]                       0x000009ac   Section        0  functions.o(.text.calculateTime)
    [Anonymous Symbol]                       0x000009b4   Section        0  main.o(.text.handleAlarmSetMode)
    [Anonymous Symbol]                       0x00000a30   Section        0  main.o(.text.handleCheckMode)
    __arm_cp.5_1                             0x00000b08   Number         4  main.o(.text.handleCheckMode)
    __arm_cp.5_2                             0x00000b0c   Number         4  main.o(.text.handleCheckMode)
    [Anonymous Symbol]                       0x00000b10   Section        0  main.o(.text.handleCountMode)
    __arm_cp.4_1                             0x00000bb4   Number         4  main.o(.text.handleCountMode)
    __arm_cp.4_2                             0x00000bb8   Number         4  main.o(.text.handleCountMode)
    __arm_cp.4_3                             0x00000bbc   Number         4  main.o(.text.handleCountMode)
    [Anonymous Symbol]                       0x00000bc0   Section        0  functions.o(.text.handleTimerUpdate)
    __arm_cp.7_0                             0x00000c3c   Number         4  functions.o(.text.handleTimerUpdate)
    __arm_cp.7_1                             0x00000c40   Number         4  functions.o(.text.handleTimerUpdate)
    __arm_cp.7_2                             0x00000c44   Number         4  functions.o(.text.handleTimerUpdate)
    [Anonymous Symbol]                       0x00000c48   Section        0  functions.o(.text.isTimeEmpty)
    [Anonymous Symbol]                       0x00000c60   Section        0  main.o(.text.main)
    __arm_cp.0_0                             0x00000cc0   Number         4  main.o(.text.main)
    __arm_cp.0_1                             0x00000cc4   Number         4  main.o(.text.main)
    [Anonymous Symbol]                       0x20000000   Section        0  system_nuc100series.o(.data..L_MergedGlobals)
    .bss                                     0x20000080   Section       96  libspace.o(.bss)
    [Anonymous Symbol]                       0x200000e0   Section        0  main.o(.bss..L_MergedGlobals)
    Heap_Mem                                 0x20000118   Data           0  startup_nuc100series.o(HEAP)
    Stack_Mem                                0x20000118   Data        1024  startup_nuc100series.o(STACK)
    HEAP                                     0x20000118   Section        0  startup_nuc100series.o(HEAP)
    STACK                                    0x20000118   Section     1024  startup_nuc100series.o(STACK)
    __initial_sp                             0x20000518   Data           0  startup_nuc100series.o(STACK)

    Global Symbols

    Symbol Name                              Value     Ov Type        Size  Object(Section)

    BuildAttributes$$THM_ISAv3M$S$PE$A:L22$X:L11$S22$IEEE1$IW$~IW$USESV6$~STKCKD$USESV7$~SHL$OSPACE$ROPI$EBA8$UX$STANDARDLIB$REQ8$PRES8$EABIv2 0x00000000   Number         0  anon$$obj.o ABSOLUTE
    __Vectors                                0x00000000   Data           4  startup_nuc100series.o(RESET)
    __ARM_exceptions_init                     - Undefined Weak Reference
    __alloca_initialize                       - Undefined Weak Reference
    __arm_preinit_                            - Undefined Weak Reference
    __cpp_initialize__aeabi_                  - Undefined Weak Reference
    __cxa_finalize                            - Undefined Weak Reference
    __rt_locale                               - Undefined Weak Reference
    __sigvec_lookup                           - Undefined Weak Reference
    _atexit_init                              - Undefined Weak Reference
    _call_atexit_fns                          - Undefined Weak Reference
    _clock_init                               - Undefined Weak Reference
    _fp_trap_init                             - Undefined Weak Reference
    _fp_trap_shutdown                         - Undefined Weak Reference
    _get_lc_collate                           - Undefined Weak Reference
    _get_lc_ctype                             - Undefined Weak Reference
    _get_lc_monetary                          - Undefined Weak Reference
    _get_lc_numeric                           - Undefined Weak Reference
    _get_lc_time                              - Undefined Weak Reference
    _getenv_init                              - Undefined Weak Reference
    _handle_redirection                       - Undefined Weak Reference
    _init_alloc                               - Undefined Weak Reference
    _init_user_alloc                          - Undefined Weak Reference
    _initio                                   - Undefined Weak Reference
    _rand_init                                - Undefined Weak Reference
    _signal_finish                            - Undefined Weak Reference
    _signal_init                              - Undefined Weak Reference
    _terminate_alloc                          - Undefined Weak Reference
    _terminate_user_alloc                     - Undefined Weak Reference
    _terminateio                              - Undefined Weak Reference
    __main                                   0x000000c1   Thumb Code     8  __main.o(!!!main)
    __scatterload                            0x000000c9   Thumb Code     0  __scatter.o(!!!scatter)
    __scatterload_rt2                        0x000000c9   Thumb Code    52  __scatter.o(!!!scatter)
    __scatterload_rt2_thumb_only             0x000000c9   Thumb Code     0  __scatter.o(!!!scatter)
    __scatterload_null                       0x000000d9   Thumb Code     0  __scatter.o(!!!scatter)
    __scatterload_copy                       0x00000105   Thumb Code    26  __scatter_copy.o(!!handler_copy)
    __scatterload_zeroinit                   0x00000121   Thumb Code    28  __scatter_zi.o(!!handler_zi)
    __rt_lib_init                            0x0000013d   Thumb Code     0  libinit.o(.ARM.Collect$$libinit$$00000000)
    __rt_lib_init_alloca_1                   0x0000013f   Thumb Code     0  libinit2.o(.ARM.Collect$$libinit$$0000002E)
    __rt_lib_init_argv_1                     0x0000013f   Thumb Code     0  libinit2.o(.ARM.Collect$$libinit$$0000002C)
    __rt_lib_init_atexit_1                   0x0000013f   Thumb Code     0  libinit2.o(.ARM.Collect$$libinit$$0000001B)
    __rt_lib_init_clock_1                    0x0000013f   Thumb Code     0  libinit2.o(.ARM.Collect$$libinit$$00000021)
    __rt_lib_init_cpp_1                      0x0000013f   Thumb Code     0  libinit2.o(.ARM.Collect$$libinit$$00000032)
    __rt_lib_init_exceptions_1               0x0000013f   Thumb Code     0  libinit2.o(.ARM.Collect$$libinit$$00000030)
    __rt_lib_init_fp_1                       0x0000013f   Thumb Code     0  libinit2.o(.ARM.Collect$$libinit$$00000002)
    __rt_lib_init_fp_trap_1                  0x0000013f   Thumb Code     0  libinit2.o(.ARM.Collect$$libinit$$0000001F)
    __rt_lib_init_getenv_1                   0x0000013f   Thumb Code     0  libinit2.o(.ARM.Collect$$libinit$$00000023)
    __rt_lib_init_heap_1                     0x0000013f   Thumb Code     0  libinit2.o(.ARM.Collect$$libinit$$0000000A)
    __rt_lib_init_lc_collate_1               0x0000013f   Thumb Code     0  libinit2.o(.ARM.Collect$$libinit$$00000011)
    __rt_lib_init_lc_ctype_1                 0x0000013f   Thumb Code     0  libinit2.o(.ARM.Collect$$libinit$$00000013)
    __rt_lib_init_lc_monetary_1              0x0000013f   Thumb Code     0  libinit2.o(.ARM.Collect$$libinit$$00000015)
    __rt_lib_init_lc_numeric_1               0x0000013f   Thumb Code     0  libinit2.o(.ARM.Collect$$libinit$$00000017)
    __rt_lib_init_lc_time_1                  0x0000013f   Thumb Code     0  libinit2.o(.ARM.Collect$$libinit$$00000019)
    __rt_lib_init_preinit_1                  0x0000013f   Thumb Code     0  libinit2.o(.ARM.Collect$$libinit$$00000004)
    __rt_lib_init_rand_1                     0x0000013f   Thumb Code     0  libinit2.o(.ARM.Collect$$libinit$$0000000E)
    __rt_lib_init_return                     0x0000013f   Thumb Code     0  libinit2.o(.ARM.Collect$$libinit$$00000033)
    __rt_lib_init_signal_1                   0x0000013f   Thumb Code     0  libinit2.o(.ARM.Collect$$libinit$$0000001D)
    __rt_lib_init_stdio_1                    0x0000013f   Thumb Code     0  libinit2.o(.ARM.Collect$$libinit$$00000025)
    __rt_lib_init_user_alloc_1               0x0000013f   Thumb Code     0  libinit2.o(.ARM.Collect$$libinit$$0000000C)
    __rt_lib_shutdown                        0x00000141   Thumb Code     0  libshutdown.o(.ARM.Collect$$libshutdown$$00000000)
    __rt_lib_shutdown_cpp_1                  0x00000143   Thumb Code     0  libshutdown2.o(.ARM.Collect$$libshutdown$$00000002)
    __rt_lib_shutdown_fp_trap_1              0x00000143   Thumb Code     0  libshutdown2.o(.ARM.Collect$$libshutdown$$00000007)
    __rt_lib_shutdown_heap_1                 0x00000143   Thumb Code     0  libshutdown2.o(.ARM.Collect$$libshutdown$$0000000F)
    __rt_lib_shutdown_return                 0x00000143   Thumb Code     0  libshutdown2.o(.ARM.Collect$$libshutdown$$00000010)
    __rt_lib_shutdown_signal_1               0x00000143   Thumb Code     0  libshutdown2.o(.ARM.Collect$$libshutdown$$0000000A)
    __rt_lib_shutdown_stdio_1                0x00000143   Thumb Code     0  libshutdown2.o(.ARM.Collect$$libshutdown$$00000004)
    __rt_lib_shutdown_user_alloc_1           0x00000143   Thumb Code     0  libshutdown2.o(.ARM.Collect$$libshutdown$$0000000C)
    __rt_entry                               0x00000145   Thumb Code     0  __rtentry.o(.ARM.Collect$$rtentry$$00000000)
    __rt_entry_presh_1                       0x00000145   Thumb Code     0  __rtentry2.o(.ARM.Collect$$rtentry$$00000002)
    __rt_entry_sh                            0x00000145   Thumb Code     0  __rtentry4.o(.ARM.Collect$$rtentry$$00000004)
    __rt_entry_li                            0x0000014b   Thumb Code     0  __rtentry2.o(.ARM.Collect$$rtentry$$0000000A)
    __rt_entry_postsh_1                      0x0000014b   Thumb Code     0  __rtentry2.o(.ARM.Collect$$rtentry$$00000009)
    __rt_entry_main                          0x0000014f   Thumb Code     0  __rtentry2.o(.ARM.Collect$$rtentry$$0000000D)
    __rt_entry_postli_1                      0x0000014f   Thumb Code     0  __rtentry2.o(.ARM.Collect$$rtentry$$0000000C)
    __rt_exit                                0x00000157   Thumb Code     0  rtexit.o(.ARM.Collect$$rtexit$$00000000)
    __rt_exit_ls                             0x00000159   Thumb Code     0  rtexit2.o(.ARM.Collect$$rtexit$$00000003)
    __rt_exit_prels_1                        0x00000159   Thumb Code     0  rtexit2.o(.ARM.Collect$$rtexit$$00000002)
    __rt_exit_exit                           0x0000015d   Thumb Code     0  rtexit2.o(.ARM.Collect$$rtexit$$00000004)
    Reset_Handler                            0x00000165   Thumb Code    32  startup_nuc100series.o(.text)
    NMI_Handler                              0x00000185   Thumb Code     2  startup_nuc100series.o(.text)
    HardFault_Handler                        0x00000187   Thumb Code     2  startup_nuc100series.o(.text)
    SVC_Handler                              0x00000189   Thumb Code     2  startup_nuc100series.o(.text)
    PendSV_Handler                           0x0000018b   Thumb Code     2  startup_nuc100series.o(.text)
    SysTick_Handler                          0x0000018d   Thumb Code     2  startup_nuc100series.o(.text)
    ACMP_IRQHandler                          0x0000018f   Thumb Code     0  startup_nuc100series.o(.text)
    ADC_IRQHandler                           0x0000018f   Thumb Code     0  startup_nuc100series.o(.text)
    BOD_IRQHandler                           0x0000018f   Thumb Code     0  startup_nuc100series.o(.text)
    CAN0_IRQHandler                          0x0000018f   Thumb Code     0  startup_nuc100series.o(.text)
    CAN1_IRQHandler                          0x0000018f   Thumb Code     0  startup_nuc100series.o(.text)
    EINT0_IRQHandler                         0x0000018f   Thumb Code     0  startup_nuc100series.o(.text)
    GPAB_IRQHandler                          0x0000018f   Thumb Code     0  startup_nuc100series.o(.text)
    GPCDEF_IRQHandler                        0x0000018f   Thumb Code     0  startup_nuc100series.o(.text)
    I2C0_IRQHandler                          0x0000018f   Thumb Code     0  startup_nuc100series.o(.text)
    I2C1_IRQHandler                          0x0000018f   Thumb Code     0  startup_nuc100series.o(.text)
    I2S_IRQHandler                           0x0000018f   Thumb Code     0  startup_nuc100series.o(.text)
    PDMA_IRQHandler                          0x0000018f   Thumb Code     0  startup_nuc100series.o(.text)
    PS2_IRQHandler                           0x0000018f   Thumb Code     0  startup_nuc100series.o(.text)
    PWM0_IRQHandler                          0x0000018f   Thumb Code     0  startup_nuc100series.o(.text)
    PWM1_IRQHandler                          0x0000018f   Thumb Code     0  startup_nuc100series.o(.text)
    PWRWU_IRQHandler                         0x0000018f   Thumb Code     0  startup_nuc100series.o(.text)
    RTC_IRQHandler                           0x0000018f   Thumb Code     0  startup_nuc100series.o(.text)
    SC012_IRQHandler                         0x0000018f   Thumb Code     0  startup_nuc100series.o(.text)
    SPI0_IRQHandler                          0x0000018f   Thumb Code     0  startup_nuc100series.o(.text)
    SPI1_IRQHandler                          0x0000018f   Thumb Code     0  startup_nuc100series.o(.text)
    SPI2_IRQHandler                          0x0000018f   Thumb Code     0  startup_nuc100series.o(.text)
    SPI3_IRQHandler                          0x0000018f   Thumb Code     0  startup_nuc100series.o(.text)
    TMR1_IRQHandler                          0x0000018f   Thumb Code     0  startup_nuc100series.o(.text)
    TMR2_IRQHandler                          0x0000018f   Thumb Code     0  startup_nuc100series.o(.text)
    TMR3_IRQHandler                          0x0000018f   Thumb Code     0  startup_nuc100series.o(.text)
    UART02_IRQHandler                        0x0000018f   Thumb Code     0  startup_nuc100series.o(.text)
    UART1_IRQHandler                         0x0000018f   Thumb Code     0  startup_nuc100series.o(.text)
    USBD_IRQHandler                          0x0000018f   Thumb Code     0  startup_nuc100series.o(.text)
    WDT_IRQHandler                           0x0000018f   Thumb Code     0  startup_nuc100series.o(.text)
    __user_initial_stackheap                 0x00000191   Thumb Code     0  startup_nuc100series.o(.text)
    __aeabi_uidiv                            0x000001c9   Thumb Code     0  aeabi_sdiv.o(.text)
    __aeabi_uidivmod                         0x000001c9   Thumb Code    20  aeabi_sdiv.o(.text)
    __aeabi_idiv                             0x000001dd   Thumb Code     0  aeabi_sdiv.o(.text)
    __aeabi_idivmod                          0x000001dd   Thumb Code   338  aeabi_sdiv.o(.text)
    __use_two_region_memory                  0x00000335   Thumb Code     2  heapauxi.o(.text)
    __rt_heap_escrow$2region                 0x00000337   Thumb Code     2  heapauxi.o(.text)
    __rt_heap_expand$2region                 0x00000339   Thumb Code     2  heapauxi.o(.text)
    __user_setup_stackheap                   0x0000033b   Thumb Code    62  sys_stackheap_outer.o(.text)
    exit                                     0x00000379   Thumb Code    16  exit.o(.text)
    __user_libspace                          0x00000389   Thumb Code     8  libspace.o(.text)
    __user_perproc_libspace                  0x00000389   Thumb Code     0  libspace.o(.text)
    __user_perthread_libspace                0x00000389   Thumb Code     0  libspace.o(.text)
    _sys_exit                                0x00000391   Thumb Code     8  sys_exit.o(.text)
    __I$use$semihosting                      0x0000039d   Thumb Code     0  use_no_semi.o(.text)
    __use_no_semihosting_swi                 0x0000039d   Thumb Code     2  use_no_semi.o(.text)
    __semihosting_library_function           0x0000039f   Thumb Code     0  indicate_semi.o(.text)
    BuzzerBeep                               0x000003a1   Thumb Code    44  functions.o(.text.BuzzerBeep)
    CloseSegments                            0x0000040d   Thumb Code    36  functions.o(.text.CloseSegments)
    DisplayDigit                             0x00000431   Thumb Code   156  functions.o(.text.DisplayDigit)
    EINT1_IRQHandler                         0x000004cd   Thumb Code    40  main.o(.text.EINT1_IRQHandler)
    GPIO_Config                              0x000004f5   Thumb Code   300  setup.o(.text.GPIO_Config)
    GPIO_SetMode                             0x00000621   Thumb Code    42  gpio.o(.text.GPIO_SetMode)
    Idle                                     0x0000064b   Thumb Code    14  main.o(.text.Idle)
    KeyPadScanning                           0x00000659   Thumb Code    64  functions.o(.text.KeyPadScanning)
    OpenLEDs                                 0x00000699   Thumb Code    56  functions.o(.text.OpenLEDs)
    SearchColumn                             0x000006d1   Thumb Code   432  functions.o(.text.SearchColumn)
    SystemConfig                             0x00000881   Thumb Code    48  setup.o(.text.SystemConfig)
    SystemInit                               0x000008b1   Thumb Code     2  system_nuc100series.o(.text.SystemInit)
    TMR0_IRQHandler                          0x000008b5   Thumb Code    36  main.o(.text.TMR0_IRQHandler)
    Timer0Config                             0x000008d9   Thumb Code   152  setup.o(.text.Timer0Config)
    addNewTime                               0x00000971   Thumb Code    60  functions.o(.text.addNewTime)
    calculateTime                            0x000009ad   Thumb Code     8  functions.o(.text.calculateTime)
    handleAlarmSetMode                       0x000009b5   Thumb Code   124  main.o(.text.handleAlarmSetMode)
    handleCheckMode                          0x00000a31   Thumb Code   224  main.o(.text.handleCheckMode)
    handleCountMode                          0x00000b11   Thumb Code   176  main.o(.text.handleCountMode)
    handleTimerUpdate                        0x00000bc1   Thumb Code   136  functions.o(.text.handleTimerUpdate)
    isTimeEmpty                              0x00000c49   Thumb Code    24  functions.o(.text.isTimeEmpty)
    main                                     0x00000c61   Thumb Code   104  main.o(.text.main)
    DIGIT_PATTERN                            0x00000cc8   Data          12  functions.o(.rodata.DIGIT_PATTERN)
    Region$$Table$$Base                      0x00000cd4   Number         0  anon$$obj.o(Region$$Table)
    Region$$Table$$Limit                     0x00000cf4   Number         0  anon$$obj.o(Region$$Table)
    SystemCoreClock                          0x20000000   Data           4  system_nuc100series.o(.data..L_MergedGlobals)
    CyclesPerUs                              0x20000004   Data           4  system_nuc100series.o(.data..L_MergedGlobals)
    PllClock                                 0x20000008   Data           4  system_nuc100series.o(.data..L_MergedGlobals)
    gau32ClkSrcTbl                           0x2000000c   Data          32  system_nuc100series.o(.data..L_MergedGlobals)
    times                                    0x2000002c   Data          80  main.o(.data.times)
    __libspace_start                         0x20000080   Data          96  libspace.o(.bss)
    __temporary_stack_top$libspace           0x200000e0   Data           0  libspace.o(.bss)
    state                                    0x200000e0   Data           1  main.o(.bss..L_MergedGlobals)
    isPB15Pressed                            0x200000e1   Data           1  main.o(.bss..L_MergedGlobals)
    isAlarmSetModeStart                      0x200000e2   Data           1  main.o(.bss..L_MergedGlobals)
    setAlarmTime                             0x200000e3   Data           1  main.o(.bss..L_MergedGlobals)
    pause                                    0x200000e4   Data           1  main.o(.bss..L_MergedGlobals)
    isCheckModeStart                         0x200000e5   Data           1  main.o(.bss..L_MergedGlobals)
    isInCountMode                            0x200000e6   Data           1  main.o(.bss..L_MergedGlobals)
    isK9Pressed                              0x200000e7   Data           1  main.o(.bss..L_MergedGlobals)
    buzzerTriggerCount                       0x200000e8   Data           4  main.o(.bss..L_MergedGlobals)
    alarmTime                                0x200000ec   Data           4  main.o(.bss..L_MergedGlobals)
    lapCountPressed                          0x200000f0   Data           4  main.o(.bss..L_MergedGlobals)
    unitsDigit                               0x200000f4   Data           4  main.o(.bss..L_MergedGlobals)
    tensDigit                                0x200000f8   Data           4  main.o(.bss..L_MergedGlobals)
    countTimes                               0x200000fc   Data          16  main.o(.bss..L_MergedGlobals)
    isCountModeStart                         0x2000010c   Data           1  main.o(.bss.isCountModeStart)
    isOneTenthSecond                         0x2000010d   Data           1  main.o(.bss.isOneTenthSecond)
    lapTimeIndex                             0x20000110   Data           4  main.o(.bss.lapTimeIndex)



==============================================================================

Memory Map of the image

  Image Entry point : 0x00000165

  Load Region LR_1 (Base: 0x00000000, Size: 0x00000d70, Max: 0xffffffff, ABSOLUTE)

    Execution Region ER_RO (Exec base: 0x00000000, Load base: 0x00000000, Size: 0x00000cf4, Max: 0xffffffff, ABSOLUTE)

    Exec Addr    Load Addr    Size         Type   Attr      Idx    E Section Name        Object

    0x00000000   0x00000000   0x000000c0   Data   RO           16    RESET               startup_nuc100series.o
    0x000000c0   0x000000c0   0x00000008   Code   RO          121  * !!!main             c_p.l(__main.o)
    0x000000c8   0x000000c8   0x0000003c   Code   RO          296    !!!scatter          c_p.l(__scatter.o)
    0x00000104   0x00000104   0x0000001a   Code   RO          298    !!handler_copy      c_p.l(__scatter_copy.o)
    0x0000011e   0x0000011e   0x00000002   PAD
    0x00000120   0x00000120   0x0000001c   Code   RO          300    !!handler_zi        c_p.l(__scatter_zi.o)
    0x0000013c   0x0000013c   0x00000002   Code   RO          159    .ARM.Collect$$libinit$$00000000  c_p.l(libinit.o)
    0x0000013e   0x0000013e   0x00000000   Code   RO          173    .ARM.Collect$$libinit$$00000002  c_p.l(libinit2.o)
    0x0000013e   0x0000013e   0x00000000   Code   RO          175    .ARM.Collect$$libinit$$00000004  c_p.l(libinit2.o)
    0x0000013e   0x0000013e   0x00000000   Code   RO          178    .ARM.Collect$$libinit$$0000000A  c_p.l(libinit2.o)
    0x0000013e   0x0000013e   0x00000000   Code   RO          180    .ARM.Collect$$libinit$$0000000C  c_p.l(libinit2.o)
    0x0000013e   0x0000013e   0x00000000   Code   RO          182    .ARM.Collect$$libinit$$0000000E  c_p.l(libinit2.o)
    0x0000013e   0x0000013e   0x00000000   Code   RO          185    .ARM.Collect$$libinit$$00000011  c_p.l(libinit2.o)
    0x0000013e   0x0000013e   0x00000000   Code   RO          187    .ARM.Collect$$libinit$$00000013  c_p.l(libinit2.o)
    0x0000013e   0x0000013e   0x00000000   Code   RO          189    .ARM.Collect$$libinit$$00000015  c_p.l(libinit2.o)
    0x0000013e   0x0000013e   0x00000000   Code   RO          191    .ARM.Collect$$libinit$$00000017  c_p.l(libinit2.o)
    0x0000013e   0x0000013e   0x00000000   Code   RO          193    .ARM.Collect$$libinit$$00000019  c_p.l(libinit2.o)
    0x0000013e   0x0000013e   0x00000000   Code   RO          195    .ARM.Collect$$libinit$$0000001B  c_p.l(libinit2.o)
    0x0000013e   0x0000013e   0x00000000   Code   RO          197    .ARM.Collect$$libinit$$0000001D  c_p.l(libinit2.o)
    0x0000013e   0x0000013e   0x00000000   Code   RO          199    .ARM.Collect$$libinit$$0000001F  c_p.l(libinit2.o)
    0x0000013e   0x0000013e   0x00000000   Code   RO          201    .ARM.Collect$$libinit$$00000021  c_p.l(libinit2.o)
    0x0000013e   0x0000013e   0x00000000   Code   RO          203    .ARM.Collect$$libinit$$00000023  c_p.l(libinit2.o)
    0x0000013e   0x0000013e   0x00000000   Code   RO          205    .ARM.Collect$$libinit$$00000025  c_p.l(libinit2.o)
    0x0000013e   0x0000013e   0x00000000   Code   RO          209    .ARM.Collect$$libinit$$0000002C  c_p.l(libinit2.o)
    0x0000013e   0x0000013e   0x00000000   Code   RO          211    .ARM.Collect$$libinit$$0000002E  c_p.l(libinit2.o)
    0x0000013e   0x0000013e   0x00000000   Code   RO          213    .ARM.Collect$$libinit$$00000030  c_p.l(libinit2.o)
    0x0000013e   0x0000013e   0x00000000   Code   RO          215    .ARM.Collect$$libinit$$00000032  c_p.l(libinit2.o)
    0x0000013e   0x0000013e   0x00000002   Code   RO          216    .ARM.Collect$$libinit$$00000033  c_p.l(libinit2.o)
    0x00000140   0x00000140   0x00000002   Code   RO          251    .ARM.Collect$$libshutdown$$00000000  c_p.l(libshutdown.o)
    0x00000142   0x00000142   0x00000000   Code   RO          279    .ARM.Collect$$libshutdown$$00000002  c_p.l(libshutdown2.o)
    0x00000142   0x00000142   0x00000000   Code   RO          281    .ARM.Collect$$libshutdown$$00000004  c_p.l(libshutdown2.o)
    0x00000142   0x00000142   0x00000000   Code   RO          284    .ARM.Collect$$libshutdown$$00000007  c_p.l(libshutdown2.o)
    0x00000142   0x00000142   0x00000000   Code   RO          287    .ARM.Collect$$libshutdown$$0000000A  c_p.l(libshutdown2.o)
    0x00000142   0x00000142   0x00000000   Code   RO          289    .ARM.Collect$$libshutdown$$0000000C  c_p.l(libshutdown2.o)
    0x00000142   0x00000142   0x00000000   Code   RO          292    .ARM.Collect$$libshutdown$$0000000F  c_p.l(libshutdown2.o)
    0x00000142   0x00000142   0x00000002   Code   RO          293    .ARM.Collect$$libshutdown$$00000010  c_p.l(libshutdown2.o)
    0x00000144   0x00000144   0x00000000   Code   RO          123    .ARM.Collect$$rtentry$$00000000  c_p.l(__rtentry.o)
    0x00000144   0x00000144   0x00000000   Code   RO          129    .ARM.Collect$$rtentry$$00000002  c_p.l(__rtentry2.o)
    0x00000144   0x00000144   0x00000006   Code   RO          141    .ARM.Collect$$rtentry$$00000004  c_p.l(__rtentry4.o)
    0x0000014a   0x0000014a   0x00000000   Code   RO          131    .ARM.Collect$$rtentry$$00000009  c_p.l(__rtentry2.o)
    0x0000014a   0x0000014a   0x00000004   Code   RO          132    .ARM.Collect$$rtentry$$0000000A  c_p.l(__rtentry2.o)
    0x0000014e   0x0000014e   0x00000000   Code   RO          134    .ARM.Collect$$rtentry$$0000000C  c_p.l(__rtentry2.o)
    0x0000014e   0x0000014e   0x00000008   Code   RO          135    .ARM.Collect$$rtentry$$0000000D  c_p.l(__rtentry2.o)
    0x00000156   0x00000156   0x00000002   Code   RO          164    .ARM.Collect$$rtexit$$00000000  c_p.l(rtexit.o)
    0x00000158   0x00000158   0x00000000   Code   RO          222    .ARM.Collect$$rtexit$$00000002  c_p.l(rtexit2.o)
    0x00000158   0x00000158   0x00000004   Code   RO          223    .ARM.Collect$$rtexit$$00000003  c_p.l(rtexit2.o)
    0x0000015c   0x0000015c   0x00000006   Code   RO          224    .ARM.Collect$$rtexit$$00000004  c_p.l(rtexit2.o)
    0x00000162   0x00000162   0x00000002   PAD
    0x00000164   0x00000164   0x00000064   Code   RO           17  * .text               startup_nuc100series.o
    0x000001c8   0x000001c8   0x0000016c   Code   RO          115    .text               c_p.l(aeabi_sdiv.o)
    0x00000334   0x00000334   0x00000006   Code   RO          119    .text               c_p.l(heapauxi.o)
    0x0000033a   0x0000033a   0x0000003e   Code   RO          145    .text               c_p.l(sys_stackheap_outer.o)
    0x00000378   0x00000378   0x00000010   Code   RO          148    .text               c_p.l(exit.o)
    0x00000388   0x00000388   0x00000008   Code   RO          160    .text               c_p.l(libspace.o)
    0x00000390   0x00000390   0x0000000c   Code   RO          217    .text               c_p.l(sys_exit.o)
    0x0000039c   0x0000039c   0x00000002   Code   RO          240    .text               c_p.l(use_no_semi.o)
    0x0000039e   0x0000039e   0x00000000   Code   RO          242    .text               c_p.l(indicate_semi.o)
    0x0000039e   0x0000039e   0x00000002   PAD
    0x000003a0   0x000003a0   0x0000002c   Code   RO          103    .text.BuzzerBeep    functions.o
    0x000003cc   0x000003cc   0x0000001c   Code   RO           53    .text.CLK_SysTickDelay  main.o
    0x000003e8   0x000003e8   0x00000024   Code   RO           87    .text.CLK_SysTickDelay  functions.o
    0x0000040c   0x0000040c   0x00000024   Code   RO           91    .text.CloseSegments  functions.o
    0x00000430   0x00000430   0x0000009c   Code   RO           89    .text.DisplayDigit  functions.o
    0x000004cc   0x000004cc   0x00000028   Code   RO           65    .text.EINT1_IRQHandler  main.o
    0x000004f4   0x000004f4   0x0000012c   Code   RO           38    .text.GPIO_Config   setup.o
    0x00000620   0x00000620   0x0000002a   Code   RO           24    .text.GPIO_SetMode  gpio.o
    0x0000064a   0x0000064a   0x0000000e   Code   RO           55    .text.Idle          main.o
    0x00000658   0x00000658   0x00000040   Code   RO           81    .text.KeyPadScanning  functions.o
    0x00000698   0x00000698   0x00000038   Code   RO           93    .text.OpenLEDs      functions.o
    0x000006d0   0x000006d0   0x000001b0   Code   RO           83    .text.SearchColumn  functions.o
    0x00000880   0x00000880   0x00000030   Code   RO           40    .text.SystemConfig  setup.o
    0x000008b0   0x000008b0   0x00000002   Code   RO            4    .text.SystemInit    system_nuc100series.o
    0x000008b2   0x000008b2   0x00000002   PAD
    0x000008b4   0x000008b4   0x00000024   Code   RO           63    .text.TMR0_IRQHandler  main.o
    0x000008d8   0x000008d8   0x00000098   Code   RO           42    .text.Timer0Config  setup.o
    0x00000970   0x00000970   0x0000003c   Code   RO           85    .text.addNewTime    functions.o
    0x000009ac   0x000009ac   0x00000008   Code   RO          101    .text.calculateTime  functions.o
    0x000009b4   0x000009b4   0x0000007c   Code   RO           57    .text.handleAlarmSetMode  main.o
    0x00000a30   0x00000a30   0x000000e0   Code   RO           61    .text.handleCheckMode  main.o
    0x00000b10   0x00000b10   0x000000b0   Code   RO           59    .text.handleCountMode  main.o
    0x00000bc0   0x00000bc0   0x00000088   Code   RO           95    .text.handleTimerUpdate  functions.o
    0x00000c48   0x00000c48   0x00000018   Code   RO           99    .text.isTimeEmpty   functions.o
    0x00000c60   0x00000c60   0x00000068   Code   RO           51    .text.main          main.o
    0x00000cc8   0x00000cc8   0x0000000c   Data   RO          105    .rodata.DIGIT_PATTERN  functions.o
    0x00000cd4   0x00000cd4   0x00000020   Data   RO          295    Region$$Table       anon$$obj.o


    Execution Region ER_RW (Exec base: 0x20000000, Load base: 0x00000cf4, Size: 0x0000007c, Max: 0xffffffff, ABSOLUTE)

    Exec Addr    Load Addr    Size         Type   Attr      Idx    E Section Name        Object

    0x20000000   0x00000cf4   0x0000002c   Data   RW            6    .data..L_MergedGlobals  system_nuc100series.o
    0x2000002c   0x00000d20   0x00000050   Data   RW           70    .data.times         main.o


    Execution Region ER_ZI (Exec base: 0x20000080, Load base: 0x00000d70, Size: 0x00000498, Max: 0xffffffff, ABSOLUTE)

    Exec Addr    Load Addr    Size         Type   Attr      Idx    E Section Name        Object

    0x20000080        -       0x00000060   Zero   RW          161    .bss                c_p.l(libspace.o)
    0x200000e0        -       0x0000002c   Zero   RW           72    .bss..L_MergedGlobals  main.o
    0x2000010c        -       0x00000001   Zero   RW           68    .bss.isCountModeStart  main.o
    0x2000010d        -       0x00000001   Zero   RW           67    .bss.isOneTenthSecond  main.o
    0x2000010e   0x00000d70   0x00000002   PAD
    0x20000110        -       0x00000004   Zero   RW           69    .bss.lapTimeIndex   main.o
    0x20000114   0x00000d70   0x00000004   PAD
    0x20000118        -       0x00000000   Zero   RW           15    HEAP                startup_nuc100series.o
    0x20000118        -       0x00000400   Zero   RW           14    STACK               startup_nuc100series.o


==============================================================================

Image component sizes


      Code (inc. data)   RO Data    RW Data    ZI Data      Debug   Object Name

      1052        112         12          0          0       4598   functions.o
        42          0          0          0          0       1481   gpio.o
       746         48          0         80         50       4193   main.o
       500         40          0          0          0       1952   setup.o
       100         46        192          0       1024        748   startup_nuc100series.o
         2          0          0         44          0       2205   system_nuc100series.o

    ----------------------------------------------------------------------
      2444        246        236        124       1080      15177   Object Totals
         0          0         32          0          0          0   (incl. Generated)
         2          0          0          0          6          0   (incl. Padding)

    ----------------------------------------------------------------------

      Code (inc. data)   RO Data    RW Data    ZI Data      Debug   Library Member Name

         8          0          0          0          0         68   __main.o
         0          0          0          0          0          0   __rtentry.o
        12          0          0          0          0          0   __rtentry2.o
         6          0          0          0          0          0   __rtentry4.o
        60          8          0          0          0          0   __scatter.o
        26          0          0          0          0          0   __scatter_copy.o
        28          0          0          0          0          0   __scatter_zi.o
       364          4          0          0          0         92   aeabi_sdiv.o
        16          0          0          0          0         68   exit.o
         6          0          0          0          0        136   heapauxi.o
         0          0          0          0          0          0   indicate_semi.o
         2          0          0          0          0          0   libinit.o
         2          0          0          0          0          0   libinit2.o
         2          0          0          0          0          0   libshutdown.o
         2          0          0          0          0          0   libshutdown2.o
         8          4          0          0         96         68   libspace.o
         2          0          0          0          0          0   rtexit.o
        10          0          0          0          0          0   rtexit2.o
        12          4          0          0          0         60   sys_exit.o
        62          0          0          0          0         80   sys_stackheap_outer.o
         2          0          0          0          0         68   use_no_semi.o

    ----------------------------------------------------------------------
       636         20          0          0         96        640   Library Totals
         6          0          0          0          0          0   (incl. Padding)

    ----------------------------------------------------------------------

      Code (inc. data)   RO Data    RW Data    ZI Data      Debug   Library Name

       630         20          0          0         96        640   c_p.l

    ----------------------------------------------------------------------
       636         20          0          0         96        640   Library Totals

    ----------------------------------------------------------------------

==============================================================================


      Code (inc. data)   RO Data    RW Data    ZI Data      Debug   

      3080        266        236        124       1176      15609   Grand Totals
      3080        266        236        124       1176      15609   ELF Image Totals
      3080        266        236        124          0          0   ROM Totals

==============================================================================

    Total RO  Size (Code + RO Data)                 3316 (   3.24kB)
    Total RW  Size (RW Data + ZI Data)              1300 (   1.27kB)
    Total ROM Size (Code + RO Data + RW Data)       3440 (   3.36kB)

==============================================================================

